// Jest Snapshot v1, https://goo.gl/fbAQLP

exports[`renders without crashing 1`] = `
.agqik {
  background: #1f77b4;
  transition: background 1s cubic-bezier(0.175, 0.885, 0.32, 1.275);
  -webkit-transition: background 1s cubic-bezier(0.175, 0.885, 0.32, 1.275);
  width: 8vh;
  max-width: 12.5%;
  height: 8vh;
  cursor: pointer;
}

.agqik:hover {
  background: #002230;
}

<div
  className="agqik"
  height="8vh"
  onClick={[Function]}
  width="8vh"
/>
`;
