// Jest Snapshot v1, https://goo.gl/fbAQLP

exports[`renders without crashing 1`] = `
.bjJrol {
  cursor: pointer;
  fill: #67001f;
  transition: fill 2s cubic-bezier(0.175, 0.885, 0.32, 1.275);
  -webkit-transition: fill 2s cubic-bezier(0.175, 0.885, 0.32, 1.275);
}

.bjJrol:hover {
  opacity: 0.9;
}

<rect
  className="bjJrol"
  height="10.3"
  onClick={[Function]}
  width="10.3"
  x={NaN}
  y={NaN}
/>
`;
